n = 5278
S1: observed + distance diagnostics
S2: score representations
S3: permutation/CRT/stratified nulls
S4: neighborhood-recomputing bootstrap
S5: matching-method robustness
python : C:\tools\Python\Python312\Lib\site-packages\sklearn\covariance\_robust_covariance.py:188: RuntimeWarning: Determinant has increased; this should 
not happen: log(det) > log(previous_det) (-8.361056403907188 > -293.762886907328379). You may want to try with a higher value of support_fraction (current 
value: 0.503).
At line:1 char:367
+ ... \lbi_rerun; python revision2_analysis.py > rerun_stdout.txt 2>&1; Wri ...
+                 ~~~~~~~~~~~~~~~~~~~~~~~~~~~~~~~~~~~~~~~~~~~~~~~~~~~~
    + CategoryInfo          : NotSpecified: (C:\tools\Python... value: 0.503).:String) [], RemoteException
    + FullyQualifiedErrorId : NativeCommandError
 
  warnings.warn(
C:\tools\Python\Python312\Lib\site-packages\sklearn\covariance\_robust_covariance.py:188: RuntimeWarning: Determinant has increased; this should not 
happen: log(det) > log(previous_det) (-8.349136310273009 > -294.062417030173833). You may want to try with a higher value of support_fraction (current 
value: 0.503).
  warnings.warn(
C:\tools\Python\Python312\Lib\site-packages\sklearn\covariance\_robust_covariance.py:188: RuntimeWarning: Determinant has increased; this should not 
happen: log(det) > log(previous_det) (-8.327240884563755 > -297.466003312883743). You may want to try with a higher value of support_fraction (current 
value: 0.503).
  warnings.warn(
C:\tools\Python\Python312\Lib\site-packages\sklearn\covariance\_robust_covariance.py:188: RuntimeWarning: Determinant has increased; this should not 
happen: log(det) > log(previous_det) (-8.346295774900890 > -294.062106521320970). You may want to try with a higher value of support_fraction (current 
value: 0.503).
  warnings.warn(
C:\tools\Python\Python312\Lib\site-packages\sklearn\covariance\_robust_covariance.py:188: RuntimeWarning: Determinant has increased; this should not 
happen: log(det) > log(previous_det) (-8.368623374099048 > -294.174877660883908). You may want to try with a higher value of support_fraction (current 
value: 0.503).
  warnings.warn(
C:\tools\Python\Python312\Lib\site-packages\sklearn\covariance\_robust_covariance.py:188: RuntimeWarning: Determinant has increased; this should not 
happen: log(det) > log(previous_det) (-7.973979549131440 > -294.174723956370087). You may want to try with a higher value of support_fraction (current 
value: 0.503).
  warnings.warn(
C:\tools\Python\Python312\Lib\site-packages\sklearn\covariance\_robust_covariance.py:188: RuntimeWarning: Determinant has increased; this should not 
happen: log(det) > log(previous_det) (-83.171366923987307 > -183.983947133999948). You may want to try with a higher value of support_fraction (current 
value: 0.503).
  warnings.warn(
C:\tools\Python\Python312\Lib\site-packages\sklearn\covariance\_robust_covariance.py:188: RuntimeWarning: Determinant has increased; this should not 
happen: log(det) > log(previous_det) (-8.337069039270194 > -294.292479842649072). You may want to try with a higher value of support_fraction (current 
value: 0.503).
  warnings.warn(
C:\tools\Python\Python312\Lib\site-packages\sklearn\covariance\_robust_covariance.py:188: RuntimeWarning: Determinant has increased; this should not 
happen: log(det) > log(previous_det) (-84.102719817605916 > -183.845803374849538). You may want to try with a higher value of support_fraction (current 
value: 0.503).
  warnings.warn(
C:\tools\Python\Python312\Lib\site-packages\sklearn\covariance\_robust_covariance.py:188: RuntimeWarning: Determinant has increased; this should not 
happen: log(det) > log(previous_det) (-7.119393167940787 > -295.632004515572646). You may want to try with a higher value of support_fraction (current 
value: 0.503).
  warnings.warn(
C:\tools\Python\Python312\Lib\site-packages\sklearn\covariance\_robust_covariance.py:188: RuntimeWarning: Determinant has increased; this should not 
happen: log(det) > log(previous_det) (-7.126980704333649 > -293.108422340467143). You may want to try with a higher value of support_fraction (current 
value: 0.503).
  warnings.warn(
C:\tools\Python\Python312\Lib\site-packages\sklearn\covariance\_robust_covariance.py:188: RuntimeWarning: Determinant has increased; this should not 
happen: log(det) > log(previous_det) (-7.119378658778071 > -294.493939370244391). You may want to try with a higher value of support_fraction (current 
value: 0.503).
  warnings.warn(
C:\tools\Python\Python312\Lib\site-packages\sklearn\covariance\_robust_covariance.py:188: RuntimeWarning: Determinant has increased; this should not 
happen: log(det) > log(previous_det) (-6.701950852764107 > -294.984497588865338). You may want to try with a higher value of support_fraction (current 
value: 0.503).
  warnings.warn(
C:\tools\Python\Python312\Lib\site-packages\sklearn\covariance\_robust_covariance.py:188: RuntimeWarning: Determinant has increased; this should not 
happen: log(det) > log(previous_det) (-7.161795568066752 > -294.473915444626243). You may want to try with a higher value of support_fraction (current 
value: 0.503).
  warnings.warn(
C:\tools\Python\Python312\Lib\site-packages\sklearn\covariance\_robust_covariance.py:188: RuntimeWarning: Determinant has increased; this should not 
happen: log(det) > log(previous_det) (-7.742850122866474 > -295.296741325984499). You may want to try with a higher value of support_fraction (current 
value: 0.503).
  warnings.warn(
C:\tools\Python\Python312\Lib\site-packages\sklearn\covariance\_robust_covariance.py:188: RuntimeWarning: Determinant has increased; this should not 
happen: log(det) > log(previous_det) (-7.161795568066752 > -296.342679075259866). You may want to try with a higher value of support_fraction (current 
value: 0.503).
  warnings.warn(
C:\tools\Python\Python312\Lib\site-packages\sklearn\covariance\_robust_covariance.py:188: RuntimeWarning: Determinant has increased; this should not 
happen: log(det) > log(previous_det) (-6.780156133525282 > -293.879619785166653). You may want to try with a higher value of support_fraction (current 
value: 0.503).
  warnings.warn(
C:\tools\Python\Python312\Lib\site-packages\sklearn\covariance\_robust_covariance.py:188: RuntimeWarning: Determinant has increased; this should not 
happen: log(det) > log(previous_det) (-6.742909611013073 > -294.591081653849585). You may want to try with a higher value of support_fraction (current 
value: 0.503).
  warnings.warn(
C:\tools\Python\Python312\Lib\site-packages\sklearn\covariance\_robust_covariance.py:188: RuntimeWarning: Determinant has increased; this should not 
happen: log(det) > log(previous_det) (-6.402932997014450 > -293.555511086189881). You may want to try with a higher value of support_fraction (current 
value: 0.503).
  warnings.warn(
C:\tools\Python\Python312\Lib\site-packages\sklearn\covariance\_robust_covariance.py:188: RuntimeWarning: Determinant has increased; this should not 
happen: log(det) > log(previous_det) (-76.395686598694326 > -188.885956222271574). You may want to try with a higher value of support_fraction (current 
value: 0.503).
  warnings.warn(
C:\tools\Python\Python312\Lib\site-packages\sklearn\covariance\_robust_covariance.py:188: RuntimeWarning: Determinant has increased; this should not 
happen: log(det) > log(previous_det) (-76.315415783756137 > -189.892664731144350). You may want to try with a higher value of support_fraction (current 
value: 0.503).
  warnings.warn(
C:\tools\Python\Python312\Lib\site-packages\sklearn\covariance\_robust_covariance.py:188: RuntimeWarning: Determinant has increased; this should not 
happen: log(det) > log(previous_det) (-6.664338711727315 > -295.684946533120183). You may want to try with a higher value of support_fraction (current 
value: 0.503).
  warnings.warn(
C:\tools\Python\Python312\Lib\site-packages\sklearn\covariance\_robust_covariance.py:188: RuntimeWarning: Determinant has increased; this should not 
happen: log(det) > log(previous_det) (-6.902936254631270 > -293.255424013032268). You may want to try with a higher value of support_fraction (current 
value: 0.503).
  warnings.warn(
C:\tools\Python\Python312\Lib\site-packages\sklearn\covariance\_robust_covariance.py:188: RuntimeWarning: Determinant has increased; this should not 
happen: log(det) > log(previous_det) (-76.467581365312626 > -189.988390631531132). You may want to try with a higher value of support_fraction (current 
value: 0.503).
  warnings.warn(
C:\tools\Python\Python312\Lib\site-packages\sklearn\covariance\_robust_covariance.py:188: RuntimeWarning: Determinant has increased; this should not 
happen: log(det) > log(previous_det) (-7.665371676936442 > -294.457018240726995). You may want to try with a higher value of support_fraction (current 
value: 0.503).
  warnings.warn(
C:\tools\Python\Python312\Lib\site-packages\sklearn\covariance\_robust_covariance.py:188: RuntimeWarning: Determinant has increased; this should not 
happen: log(det) > log(previous_det) (-7.364120982898749 > -295.735728970309935). You may want to try with a higher value of support_fraction (current 
value: 0.503).
  warnings.warn(
C:\tools\Python\Python312\Lib\site-packages\sklearn\covariance\_robust_covariance.py:188: RuntimeWarning: Determinant has increased; this should not 
happen: log(det) > log(previous_det) (-7.586936700768748 > -296.419519633007098). You may want to try with a higher value of support_fraction (current 
value: 0.503).
  warnings.warn(
C:\tools\Python\Python312\Lib\site-packages\sklearn\covariance\_robust_covariance.py:188: RuntimeWarning: Determinant has increased; this should not 
happen: log(det) > log(previous_det) (-8.360026520038257 > -295.268083557699470). You may want to try with a higher value of support_fraction (current 
value: 0.503).
  warnings.warn(
C:\tools\Python\Python312\Lib\site-packages\sklearn\covariance\_robust_covariance.py:188: RuntimeWarning: Determinant has increased; this should not 
happen: log(det) > log(previous_det) (-73.380457385395331 > -295.350368149794292). You may want to try with a higher value of support_fraction (current 
value: 0.503).
  warnings.warn(
C:\tools\Python\Python312\Lib\site-packages\sklearn\covariance\_robust_covariance.py:188: RuntimeWarning: Determinant has increased; this should not 
happen: log(det) > log(previous_det) (-7.771823442445275 > -294.765613912409151). You may want to try with a higher value of support_fraction (current 
value: 0.503).
  warnings.warn(
C:\tools\Python\Python312\Lib\site-packages\sklearn\covariance\_robust_covariance.py:188: RuntimeWarning: Determinant has increased; this should not 
happen: log(det) > log(previous_det) (-73.388489469344591 > -295.696693318219843). You may want to try with a higher value of support_fraction (current 
value: 0.503).
  warnings.warn(
C:\tools\Python\Python312\Lib\site-packages\sklearn\covariance\_robust_covariance.py:188: RuntimeWarning: Determinant has increased; this should not 
happen: log(det) > log(previous_det) (-73.380457385395317 > -298.732396013623145). You may want to try with a higher value of support_fraction (current 
value: 0.503).
  warnings.warn(
C:\tools\Python\Python312\Lib\site-packages\sklearn\covariance\_robust_covariance.py:188: RuntimeWarning: Determinant has increased; this should not 
happen: log(det) > log(previous_det) (-73.388489469344591 > -294.394817003284345). You may want to try with a higher value of support_fraction (current 
value: 0.503).
  warnings.warn(
C:\tools\Python\Python312\Lib\site-packages\sklearn\covariance\_robust_covariance.py:188: RuntimeWarning: Determinant has increased; this should not 
happen: log(det) > log(previous_det) (-7.354405566710729 > -295.132077941387763). You may want to try with a higher value of support_fraction (current 
value: 0.503).
  warnings.warn(
C:\tools\Python\Python312\Lib\site-packages\sklearn\covariance\_robust_covariance.py:188: RuntimeWarning: Determinant has increased; this should not 
happen: log(det) > log(previous_det) (-73.394844621688037 > -295.381618785741523). You may want to try with a higher value of support_fraction (current 
value: 0.503).
  warnings.warn(
C:\tools\Python\Python312\Lib\site-packages\sklearn\covariance\_robust_covariance.py:188: RuntimeWarning: Determinant has increased; this should not 
happen: log(det) > log(previous_det) (-8.128035616853829 > -295.768298790324309). You may want to try with a higher value of support_fraction (current 
value: 0.503).
  warnings.warn(
C:\tools\Python\Python312\Lib\site-packages\sklearn\covariance\_robust_covariance.py:188: RuntimeWarning: Determinant has increased; this should not 
happen: log(det) > log(previous_det) (-8.078110821913237 > -294.522790195148787). You may want to try with a higher value of support_fraction (current 
value: 0.503).
  warnings.warn(
C:\tools\Python\Python312\Lib\site-packages\sklearn\covariance\_robust_covariance.py:188: RuntimeWarning: Determinant has increased; this should not 
happen: log(det) > log(previous_det) (-8.085975740905866 > -296.012709816115603). You may want to try with a higher value of support_fraction (current 
value: 0.503).
  warnings.warn(
C:\tools\Python\Python312\Lib\site-packages\sklearn\covariance\_robust_covariance.py:188: RuntimeWarning: Determinant has increased; this should not 
happen: log(det) > log(previous_det) (-7.789709285836307 > -292.514491870364964). You may want to try with a higher value of support_fraction (current 
value: 0.503).
  warnings.warn(
C:\tools\Python\Python312\Lib\site-packages\sklearn\covariance\_robust_covariance.py:188: RuntimeWarning: Determinant has increased; this should not 
happen: log(det) > log(previous_det) (-6.636354206964387 > -294.478797002637521). You may want to try with a higher value of support_fraction (current 
value: 0.503).
  warnings.warn(
C:\tools\Python\Python312\Lib\site-packages\sklearn\covariance\_robust_covariance.py:188: RuntimeWarning: Determinant has increased; this should not 
happen: log(det) > log(previous_det) (-7.379635331794706 > -295.064619476234952). You may want to try with a higher value of support_fraction (current 
value: 0.503).
  warnings.warn(
C:\tools\Python\Python312\Lib\site-packages\sklearn\covariance\_robust_covariance.py:188: RuntimeWarning: Determinant has increased; this should not 
happen: log(det) > log(previous_det) (-6.506902487915672 > -293.507340644889098). You may want to try with a higher value of support_fraction (current 
value: 0.503).
  warnings.warn(
C:\tools\Python\Python312\Lib\site-packages\sklearn\covariance\_robust_covariance.py:188: RuntimeWarning: Determinant has increased; this should not 
happen: log(det) > log(previous_det) (-8.164354757356429 > -293.109140820651021). You may want to try with a higher value of support_fraction (current 
value: 0.503).
  warnings.warn(
C:\tools\Python\Python312\Lib\site-packages\sklearn\covariance\_robust_covariance.py:188: RuntimeWarning: Determinant has increased; this should not 
happen: log(det) > log(previous_det) (-76.365626111344895 > -188.966634373898103). You may want to try with a higher value of support_fraction (current 
value: 0.503).
  warnings.warn(
C:\tools\Python\Python312\Lib\site-packages\sklearn\covariance\_robust_covariance.py:188: RuntimeWarning: Determinant has increased; this should not 
happen: log(det) > log(previous_det) (-8.057528671580299 > -293.678907893825112). You may want to try with a higher value of support_fraction (current 
value: 0.503).
  warnings.warn(
C:\tools\Python\Python312\Lib\site-packages\sklearn\covariance\_robust_covariance.py:188: RuntimeWarning: Determinant has increased; this should not 
happen: log(det) > log(previous_det) (-73.191038496021775 > -294.235304117797796). You may want to try with a higher value of support_fraction (current 
value: 0.503).
  warnings.warn(
C:\tools\Python\Python312\Lib\site-packages\sklearn\covariance\_robust_covariance.py:188: RuntimeWarning: Determinant has increased; this should not 
happen: log(det) > log(previous_det) (-7.343501339991383 > -295.444533556192312). You may want to try with a higher value of support_fraction (current 
value: 0.503).
  warnings.warn(
C:\tools\Python\Python312\Lib\site-packages\sklearn\covariance\_robust_covariance.py:188: RuntimeWarning: Determinant has increased; this should not 
happen: log(det) > log(previous_det) (-83.294276398203678 > -186.365503908772155). You may want to try with a higher value of support_fraction (current 
value: 0.503).
  warnings.warn(
C:\tools\Python\Python312\Lib\site-packages\sklearn\covariance\_robust_covariance.py:188: RuntimeWarning: Determinant has increased; this should not 
happen: log(det) > log(previous_det) (-7.484116432133431 > -294.312390566867464). You may want to try with a higher value of support_fraction (current 
value: 0.503).
  warnings.warn(
C:\tools\Python\Python312\Lib\site-packages\sklearn\covariance\_robust_covariance.py:188: RuntimeWarning: Determinant has increased; this should not 
happen: log(det) > log(previous_det) (-83.381856142697075 > -185.042434012087085). You may want to try with a higher value of support_fraction (current 
value: 0.503).
  warnings.warn(
C:\tools\Python\Python312\Lib\site-packages\sklearn\covariance\_robust_covariance.py:188: RuntimeWarning: Determinant has increased; this should not 
happen: log(det) > log(previous_det) (-8.975173373509708 > -293.514673329225843). You may want to try with a higher value of support_fraction (current 
value: 0.503).
  warnings.warn(
C:\tools\Python\Python312\Lib\site-packages\sklearn\covariance\_robust_covariance.py:188: RuntimeWarning: Determinant has increased; this should not 
happen: log(det) > log(previous_det) (-7.593015668440097 > -294.297377449462431). You may want to try with a higher value of support_fraction (current 
value: 0.503).
  warnings.warn(
C:\tools\Python\Python312\Lib\site-packages\sklearn\covariance\_robust_covariance.py:188: RuntimeWarning: Determinant has increased; this should not 
happen: log(det) > log(previous_det) (-8.226317389753978 > -293.516333805201157). You may want to try with a higher value of support_fraction (current 
value: 0.503).
  warnings.warn(
C:\tools\Python\Python312\Lib\site-packages\sklearn\covariance\_robust_covariance.py:188: RuntimeWarning: Determinant has increased; this should not 
happen: log(det) > log(previous_det) (-7.609226415143153 > -292.988907999745550). You may want to try with a higher value of support_fraction (current 
value: 0.503).
  warnings.warn(
C:\tools\Python\Python312\Lib\site-packages\sklearn\covariance\_robust_covariance.py:188: RuntimeWarning: Determinant has increased; this should not 
happen: log(det) > log(previous_det) (-83.431524908109068 > -186.850139995549256). You may want to try with a higher value of support_fraction (current 
value: 0.503).
  warnings.warn(
C:\tools\Python\Python312\Lib\site-packages\sklearn\covariance\_robust_covariance.py:188: RuntimeWarning: Determinant has increased; this should not 
happen: log(det) > log(previous_det) (-73.152031201243489 > -294.927682720600330). You may want to try with a higher value of support_fraction (current 
value: 0.503).
  warnings.warn(
C:\tools\Python\Python312\Lib\site-packages\sklearn\covariance\_robust_covariance.py:188: RuntimeWarning: Determinant has increased; this should not 
happen: log(det) > log(previous_det) (-7.143727789278985 > -293.496421131081661). You may want to try with a higher value of support_fraction (current 
value: 0.503).
  warnings.warn(
C:\tools\Python\Python312\Lib\site-packages\sklearn\covariance\_robust_covariance.py:188: RuntimeWarning: Determinant has increased; this should not 
happen: log(det) > log(previous_det) (-7.199166078006728 > -294.431065309077837). You may want to try with a higher value of support_fraction (current 
value: 0.503).
  warnings.warn(
C:\tools\Python\Python312\Lib\site-packages\sklearn\covariance\_robust_covariance.py:188: RuntimeWarning: Determinant has increased; this should not 
happen: log(det) > log(previous_det) (-75.582874575716048 > -188.587321856497113). You may want to try with a higher value of support_fraction (current 
value: 0.503).
  warnings.warn(
C:\tools\Python\Python312\Lib\site-packages\sklearn\covariance\_robust_covariance.py:188: RuntimeWarning: Determinant has increased; this should not 
happen: log(det) > log(previous_det) (-76.094007590844058 > -189.758675653847234). You may want to try with a higher value of support_fraction (current 
value: 0.503).
  warnings.warn(
C:\tools\Python\Python312\Lib\site-packages\sklearn\covariance\_robust_covariance.py:188: RuntimeWarning: Determinant has increased; this should not 
happen: log(det) > log(previous_det) (-75.554743385520425 > -190.699924196619008). You may want to try with a higher value of support_fraction (current 
value: 0.503).
  warnings.warn(
C:\tools\Python\Python312\Lib\site-packages\sklearn\covariance\_robust_covariance.py:188: RuntimeWarning: Determinant has increased; this should not 
happen: log(det) > log(previous_det) (-76.104776498045197 > -188.634423120275926). You may want to try with a higher value of support_fraction (current 
value: 0.503).
  warnings.warn(
C:\tools\Python\Python312\Lib\site-packages\sklearn\covariance\_robust_covariance.py:188: RuntimeWarning: Determinant has increased; this should not 
happen: log(det) > log(previous_det) (-75.575767733658708 > -196.349871283662395). You may want to try with a higher value of support_fraction (current 
value: 0.503).
  warnings.warn(
C:\tools\Python\Python312\Lib\site-packages\sklearn\covariance\_robust_covariance.py:188: RuntimeWarning: Determinant has increased; this should not 
happen: log(det) > log(previous_det) (-75.547670597555893 > -189.501147859495745). You may want to try with a higher value of support_fraction (current 
value: 0.503).
  warnings.warn(
C:\tools\Python\Python312\Lib\site-packages\sklearn\covariance\_robust_covariance.py:188: RuntimeWarning: Determinant has increased; this should not 
happen: log(det) > log(previous_det) (-76.118143888336974 > -189.524104728141737). You may want to try with a higher value of support_fraction (current 
value: 0.503).
  warnings.warn(
C:\tools\Python\Python312\Lib\site-packages\sklearn\covariance\_robust_covariance.py:188: RuntimeWarning: Determinant has increased; this should not 
happen: log(det) > log(previous_det) (-75.631526204754138 > -189.389755858086602). You may want to try with a higher value of support_fraction (current 
value: 0.503).
  warnings.warn(
C:\tools\Python\Python312\Lib\site-packages\sklearn\covariance\_robust_covariance.py:188: RuntimeWarning: Determinant has increased; this should not 
happen: log(det) > log(previous_det) (-75.450373843145087 > -188.242045085574745). You may want to try with a higher value of support_fraction (current 
value: 0.503).
  warnings.warn(
C:\tools\Python\Python312\Lib\site-packages\sklearn\covariance\_robust_covariance.py:188: RuntimeWarning: Determinant has increased; this should not 
happen: log(det) > log(previous_det) (-76.201074767509496 > -191.033698181970379). You may want to try with a higher value of support_fraction (current 
value: 0.503).
  warnings.warn(
C:\tools\Python\Python312\Lib\site-packages\sklearn\covariance\_robust_covariance.py:188: RuntimeWarning: Determinant has increased; this should not 
happen: log(det) > log(previous_det) (-75.697756485269693 > -189.782577873359116). You may want to try with a higher value of support_fraction (current 
value: 0.503).
  warnings.warn(
C:\tools\Python\Python312\Lib\site-packages\sklearn\covariance\_robust_covariance.py:188: RuntimeWarning: Determinant has increased; this should not 
happen: log(det) > log(previous_det) (-74.337825992447009 > -294.944150399625300). You may want to try with a higher value of support_fraction (current 
value: 0.503).
  warnings.warn(
C:\tools\Python\Python312\Lib\site-packages\sklearn\covariance\_robust_covariance.py:188: RuntimeWarning: Determinant has increased; this should not 
happen: log(det) > log(previous_det) (-9.165085163783187 > -294.908937695784402). You may want to try with a higher value of support_fraction (current 
value: 0.503).
  warnings.warn(
C:\tools\Python\Python312\Lib\site-packages\sklearn\covariance\_robust_covariance.py:188: RuntimeWarning: Determinant has increased; this should not 
happen: log(det) > log(previous_det) (-75.178006812088540 > -294.332338627948843). You may want to try with a higher value of support_fraction (current 
value: 0.503).
  warnings.warn(
C:\tools\Python\Python312\Lib\site-packages\sklearn\covariance\_robust_covariance.py:188: RuntimeWarning: Determinant has increased; this should not 
happen: log(det) > log(previous_det) (-74.262230676831308 > -295.948066790110033). You may want to try with a higher value of support_fraction (current 
value: 0.503).
  warnings.warn(
C:\tools\Python\Python312\Lib\site-packages\sklearn\covariance\_robust_covariance.py:188: RuntimeWarning: Determinant has increased; this should not 
happen: log(det) > log(previous_det) (-9.593335042740875 > -294.610588916012603). You may want to try with a higher value of support_fraction (current 
value: 0.503).
  warnings.warn(
C:\tools\Python\Python312\Lib\site-packages\sklearn\covariance\_robust_covariance.py:188: RuntimeWarning: Determinant has increased; this should not 
happen: log(det) > log(previous_det) (-74.977055704211480 > -293.482900281020193). You may want to try with a higher value of support_fraction (current 
value: 0.503).
  warnings.warn(
C:\tools\Python\Python312\Lib\site-packages\sklearn\covariance\_robust_covariance.py:188: RuntimeWarning: Determinant has increased; this should not 
happen: log(det) > log(previous_det) (-74.337825992447009 > -295.764413214204410). You may want to try with a higher value of support_fraction (current 
value: 0.503).
  warnings.warn(
C:\tools\Python\Python312\Lib\site-packages\sklearn\covariance\_robust_covariance.py:188: RuntimeWarning: Determinant has increased; this should not 
happen: log(det) > log(previous_det) (-10.003316327852337 > -294.371334404683068). You may want to try with a higher value of support_fraction (current 
value: 0.503).
  warnings.warn(
C:\tools\Python\Python312\Lib\site-packages\sklearn\covariance\_robust_covariance.py:188: RuntimeWarning: Determinant has increased; this should not 
happen: log(det) > log(previous_det) (-75.178006812088540 > -294.405768222472261). You may want to try with a higher value of support_fraction (current 
value: 0.503).
  warnings.warn(
C:\tools\Python\Python312\Lib\site-packages\sklearn\covariance\_robust_covariance.py:188: RuntimeWarning: Determinant has increased; this should not 
happen: log(det) > log(previous_det) (-75.178006812088540 > -296.054207433869010). You may want to try with a higher value of support_fraction (current 
value: 0.503).
  warnings.warn(
C:\tools\Python\Python312\Lib\site-packages\sklearn\covariance\_robust_covariance.py:188: RuntimeWarning: Determinant has increased; this should not 
happen: log(det) > log(previous_det) (-75.178006812088540 > -294.615562211837357). You may want to try with a higher value of support_fraction (current 
value: 0.503).
  warnings.warn(
C:\tools\Python\Python312\Lib\site-packages\sklearn\covariance\_robust_covariance.py:188: RuntimeWarning: Determinant has increased; this should not 
happen: log(det) > log(previous_det) (-71.224029586651923 > -293.740809534416599). You may want to try with a higher value of support_fraction (current 
value: 0.503).
  warnings.warn(
C:\tools\Python\Python312\Lib\site-packages\sklearn\covariance\_robust_covariance.py:188: RuntimeWarning: Determinant has increased; this should not 
happen: log(det) > log(previous_det) (-71.237520322811974 > -296.720080964399415). You may want to try with a higher value of support_fraction (current 
value: 0.503).
  warnings.warn(
C:\tools\Python\Python312\Lib\site-packages\sklearn\covariance\_robust_covariance.py:188: RuntimeWarning: Determinant has increased; this should not 
happen: log(det) > log(previous_det) (-71.224029586651923 > -295.401479413376933). You may want to try with a higher value of support_fraction (current 
value: 0.503).
  warnings.warn(
C:\tools\Python\Python312\Lib\site-packages\sklearn\covariance\_robust_covariance.py:188: RuntimeWarning: Determinant has increased; this should not 
happen: log(det) > log(previous_det) (-5.716463974150683 > -295.215590713516804). You may want to try with a higher value of support_fraction (current 
value: 0.503).
  warnings.warn(
C:\tools\Python\Python312\Lib\site-packages\sklearn\covariance\_robust_covariance.py:188: RuntimeWarning: Determinant has increased; this should not 
happen: log(det) > log(previous_det) (-71.224029586651923 > -294.942185306859756). You may want to try with a higher value of support_fraction (current 
value: 0.503).
  warnings.warn(
C:\tools\Python\Python312\Lib\site-packages\sklearn\covariance\_robust_covariance.py:188: RuntimeWarning: Determinant has increased; this should not 
happen: log(det) > log(previous_det) (-71.237520322811974 > -294.911274245864377). You may want to try with a higher value of support_fraction (current 
value: 0.503).
  warnings.warn(
C:\tools\Python\Python312\Lib\site-packages\sklearn\covariance\_robust_covariance.py:188: RuntimeWarning: Determinant has increased; this should not 
happen: log(det) > log(previous_det) (-71.237520322811974 > -294.808105661621823). You may want to try with a higher value of support_fraction (current 
value: 0.503).
  warnings.warn(
C:\tools\Python\Python312\Lib\site-packages\sklearn\covariance\_robust_covariance.py:188: RuntimeWarning: Determinant has increased; this should not 
happen: log(det) > log(previous_det) (-71.219649196873647 > -295.485787058792653). You may want to try with a higher value of support_fraction (current 
value: 0.503).
  warnings.warn(
C:\tools\Python\Python312\Lib\site-packages\sklearn\covariance\_robust_covariance.py:188: RuntimeWarning: Determinant has increased; this should not 
happen: log(det) > log(previous_det) (-71.237520322811974 > -294.937816331324939). You may want to try with a higher value of support_fraction (current 
value: 0.503).
  warnings.warn(
C:\tools\Python\Python312\Lib\site-packages\sklearn\covariance\_robust_covariance.py:188: RuntimeWarning: Determinant has increased; this should not 
happen: log(det) > log(previous_det) (-71.237520322811974 > -294.346804274233534). You may want to try with a higher value of support_fraction (current 
value: 0.503).
  warnings.warn(
C:\tools\Python\Python312\Lib\site-packages\sklearn\covariance\_robust_covariance.py:188: RuntimeWarning: Determinant has increased; this should not 
happen: log(det) > log(previous_det) (-71.237520322811974 > -293.952759290420886). You may want to try with a higher value of support_fraction (current 
value: 0.503).
  warnings.warn(
C:\tools\Python\Python312\Lib\site-packages\sklearn\covariance\_robust_covariance.py:188: RuntimeWarning: Determinant has increased; this should not 
happen: log(det) > log(previous_det) (-71.224029586651923 > -296.076100119554269). You may want to try with a higher value of support_fraction (current 
value: 0.503).
  warnings.warn(
C:\tools\Python\Python312\Lib\site-packages\sklearn\covariance\_robust_covariance.py:188: RuntimeWarning: Determinant has increased; this should not 
happen: log(det) > log(previous_det) (-71.237520322811974 > -297.318574803261299). You may want to try with a higher value of support_fraction (current 
value: 0.503).
  warnings.warn(
C:\tools\Python\Python312\Lib\site-packages\sklearn\covariance\_robust_covariance.py:188: RuntimeWarning: Determinant has increased; this should not 
happen: log(det) > log(previous_det) (-71.212287783978084 > -293.836378192492703). You may want to try with a higher value of support_fraction (current 
value: 0.503).
  warnings.warn(
C:\tools\Python\Python312\Lib\site-packages\sklearn\covariance\_robust_covariance.py:188: RuntimeWarning: Determinant has increased; this should not 
happen: log(det) > log(previous_det) (-71.224029586651923 > -294.681921229587772). You may want to try with a higher value of support_fraction (current 
value: 0.503).
  warnings.warn(
C:\tools\Python\Python312\Lib\site-packages\sklearn\covariance\_robust_covariance.py:188: RuntimeWarning: Determinant has increased; this should not 
happen: log(det) > log(previous_det) (-7.619913804604538 > -294.785743563601955). You may want to try with a higher value of support_fraction (current 
value: 0.503).
  warnings.warn(
C:\tools\Python\Python312\Lib\site-packages\sklearn\covariance\_robust_covariance.py:188: RuntimeWarning: Determinant has increased; this should not 
happen: log(det) > log(previous_det) (-10.761247951207032 > -294.504762762273629). You may want to try with a higher value of support_fraction (current 
value: 0.503).
  warnings.warn(
C:\tools\Python\Python312\Lib\site-packages\sklearn\covariance\_robust_covariance.py:188: RuntimeWarning: Determinant has increased; this should not 
happen: log(det) > log(previous_det) (-7.487127793945060 > -295.042918659064242). You may want to try with a higher value of support_fraction (current 
value: 0.503).
  warnings.warn(
C:\tools\Python\Python312\Lib\site-packages\sklearn\covariance\_robust_covariance.py:188: RuntimeWarning: Determinant has increased; this should not 
happen: log(det) > log(previous_det) (-7.487127793945060 > -296.457675540712671). You may want to try with a higher value of support_fraction (current 
value: 0.503).
  warnings.warn(
C:\tools\Python\Python312\Lib\site-packages\sklearn\covariance\_robust_covariance.py:188: RuntimeWarning: Determinant has increased; this should not 
happen: log(det) > log(previous_det) (-7.487127793945061 > -295.526538341661364). You may want to try with a higher value of support_fraction (current 
value: 0.503).
  warnings.warn(
C:\tools\Python\Python312\Lib\site-packages\sklearn\covariance\_robust_covariance.py:188: RuntimeWarning: Determinant has increased; this should not 
happen: log(det) > log(previous_det) (-10.688754561710208 > -296.263342496717939). You may want to try with a higher value of support_fraction (current 
value: 0.503).
  warnings.warn(
C:\tools\Python\Python312\Lib\site-packages\sklearn\covariance\_robust_covariance.py:188: RuntimeWarning: Determinant has increased; this should not 
happen: log(det) > log(previous_det) (-6.985452651244060 > -294.185540731713786). You may want to try with a higher value of support_fraction (current 
value: 0.503).
  warnings.warn(
C:\tools\Python\Python312\Lib\site-packages\sklearn\covariance\_robust_covariance.py:188: RuntimeWarning: Determinant has increased; this should not 
happen: log(det) > log(previous_det) (-8.012097180159751 > -295.530342315172049). You may want to try with a higher value of support_fraction (current 
value: 0.503).
  warnings.warn(
C:\tools\Python\Python312\Lib\site-packages\sklearn\covariance\_robust_covariance.py:188: RuntimeWarning: Determinant has increased; this should not 
happen: log(det) > log(previous_det) (-6.992201034811793 > -297.080252165613786). You may want to try with a higher value of support_fraction (current 
value: 0.503).
  warnings.warn(
C:\tools\Python\Python312\Lib\site-packages\sklearn\covariance\_robust_covariance.py:188: RuntimeWarning: Determinant has increased; this should not 
happen: log(det) > log(previous_det) (-8.292248103304210 > -294.960703463419691). You may want to try with a higher value of support_fraction (current 
value: 0.503).
  warnings.warn(
C:\tools\Python\Python312\Lib\site-packages\sklearn\covariance\_robust_covariance.py:188: RuntimeWarning: Determinant has increased; this should not 
happen: log(det) > log(previous_det) (-77.546650308141182 > -189.928181027370840). You may want to try with a higher value of support_fraction (current 
value: 0.503).
  warnings.warn(
C:\tools\Python\Python312\Lib\site-packages\sklearn\covariance\_robust_covariance.py:188: RuntimeWarning: Determinant has increased; this should not 
happen: log(det) > log(previous_det) (-8.327625268058025 > -293.330688670478708). You may want to try with a higher value of support_fraction (current 
value: 0.503).
  warnings.warn(
C:\tools\Python\Python312\Lib\site-packages\sklearn\covariance\_robust_covariance.py:188: RuntimeWarning: Determinant has increased; this should not 
happen: log(det) > log(previous_det) (-78.367967677428823 > -189.762950413273302). You may want to try with a higher value of support_fraction (current 
value: 0.503).
  warnings.warn(
C:\tools\Python\Python312\Lib\site-packages\sklearn\covariance\_robust_covariance.py:188: RuntimeWarning: Determinant has increased; this should not 
happen: log(det) > log(previous_det) (-78.602071437259454 > -191.599382554685718). You may want to try with a higher value of support_fraction (current 
value: 0.503).
  warnings.warn(
C:\tools\Python\Python312\Lib\site-packages\sklearn\covariance\_robust_covariance.py:188: RuntimeWarning: Determinant has increased; this should not 
happen: log(det) > log(previous_det) (-78.580992806053843 > -196.951985614751550). You may want to try with a higher value of support_fraction (current 
value: 0.503).
  warnings.warn(
C:\tools\Python\Python312\Lib\site-packages\sklearn\covariance\_robust_covariance.py:188: RuntimeWarning: Determinant has increased; this should not 
happen: log(det) > log(previous_det) (-9.091412002858629 > -295.228548067538895). You may want to try with a higher value of support_fraction (current 
value: 0.503).
  warnings.warn(
C:\tools\Python\Python312\Lib\site-packages\sklearn\covariance\_robust_covariance.py:188: RuntimeWarning: Determinant has increased; this should not 
happen: log(det) > log(previous_det) (-78.148083040112994 > -190.047131739959667). You may want to try with a higher value of support_fraction (current 
value: 0.503).
  warnings.warn(
C:\tools\Python\Python312\Lib\site-packages\sklearn\covariance\_robust_covariance.py:188: RuntimeWarning: Determinant has increased; this should not 
happen: log(det) > log(previous_det) (-8.994565492564266 > -296.419812158643822). You may want to try with a higher value of support_fraction (current 
value: 0.503).
  warnings.warn(
C:\tools\Python\Python312\Lib\site-packages\sklearn\covariance\_robust_covariance.py:188: RuntimeWarning: Determinant has increased; this should not 
happen: log(det) > log(previous_det) (-9.362429884057629 > -298.149251125994226). You may want to try with a higher value of support_fraction (current 
value: 0.503).
  warnings.warn(
C:\tools\Python\Python312\Lib\site-packages\sklearn\covariance\_robust_covariance.py:188: RuntimeWarning: Determinant has increased; this should not 
happen: log(det) > log(previous_det) (-78.660640969502509 > -190.468992648228948). You may want to try with a higher value of support_fraction (current 
value: 0.503).
  warnings.warn(
C:\tools\Python\Python312\Lib\site-packages\sklearn\covariance\_robust_covariance.py:188: RuntimeWarning: Determinant has increased; this should not 
happen: log(det) > log(previous_det) (-78.614543244194635 > -190.424483376458710). You may want to try with a higher value of support_fraction (current 
value: 0.503).
  warnings.warn(
C:\tools\Python\Python312\Lib\site-packages\sklearn\covariance\_robust_covariance.py:188: RuntimeWarning: Determinant has increased; this should not 
happen: log(det) > log(previous_det) (-78.450611744691429 > -191.453435714140198). You may want to try with a higher value of support_fraction (current 
value: 0.503).
  warnings.warn(
C:\tools\Python\Python312\Lib\site-packages\sklearn\covariance\_robust_covariance.py:188: RuntimeWarning: Determinant has increased; this should not 
happen: log(det) > log(previous_det) (-7.179543411395058 > -292.961683000032735). You may want to try with a higher value of support_fraction (current 
value: 0.503).
  warnings.warn(
C:\tools\Python\Python312\Lib\site-packages\sklearn\covariance\_robust_covariance.py:188: RuntimeWarning: Determinant has increased; this should not 
happen: log(det) > log(previous_det) (-7.732106716200884 > -293.563369765243067). You may want to try with a higher value of support_fraction (current 
value: 0.503).
  warnings.warn(
C:\tools\Python\Python312\Lib\site-packages\sklearn\covariance\_robust_covariance.py:188: RuntimeWarning: Determinant has increased; this should not 
happen: log(det) > log(previous_det) (-7.435535997714292 > -295.686421066632533). You may want to try with a higher value of support_fraction (current 
value: 0.503).
  warnings.warn(
C:\tools\Python\Python312\Lib\site-packages\sklearn\covariance\_robust_covariance.py:188: RuntimeWarning: Determinant has increased; this should not 
happen: log(det) > log(previous_det) (-6.426185026327111 > -295.682922113178108). You may want to try with a higher value of support_fraction (current 
value: 0.503).
  warnings.warn(
C:\tools\Python\Python312\Lib\site-packages\sklearn\covariance\_robust_covariance.py:188: RuntimeWarning: Determinant has increased; this should not 
happen: log(det) > log(previous_det) (-6.491871355215555 > -294.693239037793660). You may want to try with a higher value of support_fraction (current 
value: 0.503).
  warnings.warn(
C:\tools\Python\Python312\Lib\site-packages\sklearn\covariance\_robust_covariance.py:188: RuntimeWarning: Determinant has increased; this should not 
happen: log(det) > log(previous_det) (-6.489034928447692 > -297.485630604487710). You may want to try with a higher value of support_fraction (current 
value: 0.503).
  warnings.warn(
C:\tools\Python\Python312\Lib\site-packages\sklearn\covariance\_robust_covariance.py:188: RuntimeWarning: Determinant has increased; this should not 
happen: log(det) > log(previous_det) (-6.926235549498420 > -299.961367328032054). You may want to try with a higher value of support_fraction (current 
value: 0.503).
  warnings.warn(
C:\tools\Python\Python312\Lib\site-packages\sklearn\covariance\_robust_covariance.py:188: RuntimeWarning: Determinant has increased; this should not 
happen: log(det) > log(previous_det) (-6.220808763557702 > -294.622656716336394). You may want to try with a higher value of support_fraction (current 
value: 0.503).
  warnings.warn(
C:\tools\Python\Python312\Lib\site-packages\sklearn\covariance\_robust_covariance.py:188: RuntimeWarning: Determinant has increased; this should not 
happen: log(det) > log(previous_det) (-6.496595964154498 > -293.359225227570562). You may want to try with a higher value of support_fraction (current 
value: 0.503).
  warnings.warn(
C:\tools\Python\Python312\Lib\site-packages\sklearn\covariance\_robust_covariance.py:188: RuntimeWarning: Determinant has increased; this should not 
happen: log(det) > log(previous_det) (-6.914288038141923 > -295.191764805155913). You may want to try with a higher value of support_fraction (current 
value: 0.503).
  warnings.warn(
C:\tools\Python\Python312\Lib\site-packages\sklearn\covariance\_robust_covariance.py:188: RuntimeWarning: Determinant has increased; this should not 
happen: log(det) > log(previous_det) (-6.256707675536100 > -296.663505354856511). You may want to try with a higher value of support_fraction (current 
value: 0.503).
  warnings.warn(
C:\tools\Python\Python312\Lib\site-packages\sklearn\covariance\_robust_covariance.py:188: RuntimeWarning: Determinant has increased; this should not 
happen: log(det) > log(previous_det) (-6.585522827874700 > -295.022903250856245). You may want to try with a higher value of support_fraction (current 
value: 0.503).
  warnings.warn(
C:\tools\Python\Python312\Lib\site-packages\sklearn\covariance\_robust_covariance.py:188: RuntimeWarning: Determinant has increased; this should not 
happen: log(det) > log(previous_det) (-7.820937853528463 > -294.677442936991383). You may want to try with a higher value of support_fraction (current 
value: 0.503).
  warnings.warn(
C:\tools\Python\Python312\Lib\site-packages\sklearn\covariance\_robust_covariance.py:188: RuntimeWarning: Determinant has increased; this should not 
happen: log(det) > log(previous_det) (-8.640776536804362 > -294.061034191692784). You may want to try with a higher value of support_fraction (current 
value: 0.503).
  warnings.warn(
C:\tools\Python\Python312\Lib\site-packages\sklearn\covariance\_robust_covariance.py:188: RuntimeWarning: Determinant has increased; this should not 
happen: log(det) > log(previous_det) (-8.790955791217245 > -293.940852328054632). You may want to try with a higher value of support_fraction (current 
value: 0.503).
  warnings.warn(
C:\tools\Python\Python312\Lib\site-packages\sklearn\covariance\_robust_covariance.py:188: RuntimeWarning: Determinant has increased; this should not 
happen: log(det) > log(previous_det) (-8.669245222102319 > -294.734026401977587). You may want to try with a higher value of support_fraction (current 
value: 0.503).
  warnings.warn(
C:\tools\Python\Python312\Lib\site-packages\sklearn\covariance\_robust_covariance.py:188: RuntimeWarning: Determinant has increased; this should not 
happen: log(det) > log(previous_det) (-75.075394336785777 > -179.757698780503347). You may want to try with a higher value of support_fraction (current 
value: 0.501).
  warnings.warn(
C:\tools\Python\Python312\Lib\site-packages\sklearn\covariance\_robust_covariance.py:188: RuntimeWarning: Determinant has increased; this should not 
happen: log(det) > log(previous_det) (-75.040382877081555 > -179.058582314032378). You may want to try with a higher value of support_fraction (current 
value: 0.501).
  warnings.warn(
C:\tools\Python\Python312\Lib\site-packages\sklearn\covariance\_robust_covariance.py:188: RuntimeWarning: Determinant has increased; this should not 
happen: log(det) > log(previous_det) (-75.518380808746542 > -181.037175061249485). You may want to try with a higher value of support_fraction (current 
value: 0.501).
  warnings.warn(
C:\tools\Python\Python312\Lib\site-packages\sklearn\covariance\_robust_covariance.py:188: RuntimeWarning: Determinant has increased; this should not 
happen: log(det) > log(previous_det) (-74.976353979050899 > -180.712276786234980). You may want to try with a higher value of support_fraction (current 
value: 0.501).
  warnings.warn(
C:\tools\Python\Python312\Lib\site-packages\sklearn\covariance\_robust_covariance.py:188: RuntimeWarning: Determinant has increased; this should not 
happen: log(det) > log(previous_det) (-74.955165963527605 > -179.951911346169879). You may want to try with a higher value of support_fraction (current 
value: 0.501).
  warnings.warn(
C:\tools\Python\Python312\Lib\site-packages\sklearn\covariance\_robust_covariance.py:188: RuntimeWarning: Determinant has increased; this should not 
happen: log(det) > log(previous_det) (-76.075849491232475 > -181.618277155703595). You may want to try with a higher value of support_fraction (current 
value: 0.501).
  warnings.warn(
C:\tools\Python\Python312\Lib\site-packages\sklearn\covariance\_robust_covariance.py:188: RuntimeWarning: Determinant has increased; this should not 
happen: log(det) > log(previous_det) (-76.073897822351071 > -180.326734240089451). You may want to try with a higher value of support_fraction (current 
value: 0.501).
  warnings.warn(
C:\tools\Python\Python312\Lib\site-packages\sklearn\covariance\_robust_covariance.py:188: RuntimeWarning: Determinant has increased; this should not 
happen: log(det) > log(previous_det) (-76.098201845472502 > -180.468708468884472). You may want to try with a higher value of support_fraction (current 
value: 0.501).
  warnings.warn(
C:\tools\Python\Python312\Lib\site-packages\sklearn\covariance\_robust_covariance.py:188: RuntimeWarning: Determinant has increased; this should not 
happen: log(det) > log(previous_det) (-76.097244188482222 > -179.899198437465969). You may want to try with a higher value of support_fraction (current 
value: 0.501).
  warnings.warn(
C:\tools\Python\Python312\Lib\site-packages\sklearn\covariance\_robust_covariance.py:188: RuntimeWarning: Determinant has increased; this should not 
happen: log(det) > log(previous_det) (-76.075849491232475 > -180.169305767920093). You may want to try with a higher value of support_fraction (current 
value: 0.501).
  warnings.warn(
C:\tools\Python\Python312\Lib\site-packages\sklearn\covariance\_robust_covariance.py:188: RuntimeWarning: Determinant has increased; this should not 
happen: log(det) > log(previous_det) (-75.889552746765602 > -180.567466553864534). You may want to try with a higher value of support_fraction (current 
value: 0.501).
  warnings.warn(
C:\tools\Python\Python312\Lib\site-packages\sklearn\covariance\_robust_covariance.py:188: RuntimeWarning: Determinant has increased; this should not 
happen: log(det) > log(previous_det) (-75.426610765283201 > -180.145852986505872). You may want to try with a higher value of support_fraction (current 
value: 0.501).
  warnings.warn(
C:\tools\Python\Python312\Lib\site-packages\sklearn\covariance\_robust_covariance.py:188: RuntimeWarning: Determinant has increased; this should not 
happen: log(det) > log(previous_det) (-76.296326447348534 > -177.391197600896220). You may want to try with a higher value of support_fraction (current 
value: 0.501).
  warnings.warn(
C:\tools\Python\Python312\Lib\site-packages\sklearn\covariance\_robust_covariance.py:188: RuntimeWarning: Determinant has increased; this should not 
happen: log(det) > log(previous_det) (-75.428599122569409 > -182.721352237323345). You may want to try with a higher value of support_fraction (current 
value: 0.501).
  warnings.warn(
C:\tools\Python\Python312\Lib\site-packages\sklearn\covariance\_robust_covariance.py:188: RuntimeWarning: Determinant has increased; this should not 
happen: log(det) > log(previous_det) (-76.817236756302620 > -177.186161574511857). You may want to try with a higher value of support_fraction (current 
value: 0.501).
  warnings.warn(
C:\tools\Python\Python312\Lib\site-packages\sklearn\covariance\_robust_covariance.py:188: RuntimeWarning: Determinant has increased; this should not 
happen: log(det) > log(previous_det) (-76.550401746651858 > -178.720193980703272). You may want to try with a higher value of support_fraction (current 
value: 0.501).
  warnings.warn(
C:\tools\Python\Python312\Lib\site-packages\sklearn\covariance\_robust_covariance.py:188: RuntimeWarning: Determinant has increased; this should not 
happen: log(det) > log(previous_det) (-76.819436795240293 > -180.644369805344780). You may want to try with a higher value of support_fraction (current 
value: 0.501).
  warnings.warn(
C:\tools\Python\Python312\Lib\site-packages\sklearn\covariance\_robust_covariance.py:188: RuntimeWarning: Determinant has increased; this should not 
happen: log(det) > log(previous_det) (-76.082779585856869 > -179.431557829710385). You may want to try with a higher value of support_fraction (current 
value: 0.501).
  warnings.warn(
C:\tools\Python\Python312\Lib\site-packages\sklearn\covariance\_robust_covariance.py:188: RuntimeWarning: Determinant has increased; this should not 
happen: log(det) > log(previous_det) (-76.156709252114837 > -179.558864058140188). You may want to try with a higher value of support_fraction (current 
value: 0.501).
  warnings.warn(
C:\tools\Python\Python312\Lib\site-packages\sklearn\covariance\_robust_covariance.py:188: RuntimeWarning: Determinant has increased; this should not 
happen: log(det) > log(previous_det) (-75.995875856174635 > -180.336392074749966). You may want to try with a higher value of support_fraction (current 
value: 0.501).
  warnings.warn(
C:\tools\Python\Python312\Lib\site-packages\sklearn\covariance\_robust_covariance.py:188: RuntimeWarning: Determinant has increased; this should not 
happen: log(det) > log(previous_det) (-75.945230959605425 > -179.637613306687911). You may want to try with a higher value of support_fraction (current 
value: 0.501).
  warnings.warn(
C:\tools\Python\Python312\Lib\site-packages\sklearn\covariance\_robust_covariance.py:188: RuntimeWarning: Determinant has increased; this should not 
happen: log(det) > log(previous_det) (-74.642711154062241 > -180.003591678451357). You may want to try with a higher value of support_fraction (current 
value: 0.501).
  warnings.warn(
C:\tools\Python\Python312\Lib\site-packages\sklearn\covariance\_robust_covariance.py:188: RuntimeWarning: Determinant has increased; this should not 
happen: log(det) > log(previous_det) (-74.916454705983483 > -179.071591707567791). You may want to try with a higher value of support_fraction (current 
value: 0.501).
  warnings.warn(
C:\tools\Python\Python312\Lib\site-packages\sklearn\covariance\_robust_covariance.py:188: RuntimeWarning: Determinant has increased; this should not 
happen: log(det) > log(previous_det) (-75.037528039593170 > -178.352672775461770). You may want to try with a higher value of support_fraction (current 
value: 0.501).
  warnings.warn(
C:\tools\Python\Python312\Lib\site-packages\sklearn\covariance\_robust_covariance.py:188: RuntimeWarning: Determinant has increased; this should not 
happen: log(det) > log(previous_det) (-75.761208185195500 > -178.706152090182400). You may want to try with a higher value of support_fraction (current 
value: 0.501).
  warnings.warn(
C:\tools\Python\Python312\Lib\site-packages\sklearn\covariance\_robust_covariance.py:188: RuntimeWarning: Determinant has increased; this should not 
happen: log(det) > log(previous_det) (-76.293112289668869 > -182.617565390201435). You may want to try with a higher value of support_fraction (current 
value: 0.501).
  warnings.warn(
C:\tools\Python\Python312\Lib\site-packages\sklearn\covariance\_robust_covariance.py:188: RuntimeWarning: Determinant has increased; this should not 
happen: log(det) > log(previous_det) (-75.718053231367165 > -181.775896795062096). You may want to try with a higher value of support_fraction (current 
value: 0.501).
  warnings.warn(
C:\tools\Python\Python312\Lib\site-packages\sklearn\covariance\_robust_covariance.py:188: RuntimeWarning: Determinant has increased; this should not 
happen: log(det) > log(previous_det) (-76.102718626296877 > -179.697005803146283). You may want to try with a higher value of support_fraction (current 
value: 0.501).
  warnings.warn(
C:\tools\Python\Python312\Lib\site-packages\sklearn\covariance\_robust_covariance.py:188: RuntimeWarning: Determinant has increased; this should not 
happen: log(det) > log(previous_det) (-75.795820247535275 > -179.703118795712783). You may want to try with a higher value of support_fraction (current 
value: 0.501).
  warnings.warn(
C:\tools\Python\Python312\Lib\site-packages\sklearn\covariance\_robust_covariance.py:188: RuntimeWarning: Determinant has increased; this should not 
happen: log(det) > log(previous_det) (-75.772202181108000 > -179.338074966344749). You may want to try with a higher value of support_fraction (current 
value: 0.501).
  warnings.warn(
C:\tools\Python\Python312\Lib\site-packages\sklearn\covariance\_robust_covariance.py:188: RuntimeWarning: Determinant has increased; this should not 
happen: log(det) > log(previous_det) (-75.738913874235251 > -178.635873542263425). You may want to try with a higher value of support_fraction (current 
value: 0.501).
  warnings.warn(
C:\tools\Python\Python312\Lib\site-packages\sklearn\covariance\_robust_covariance.py:188: RuntimeWarning: Determinant has increased; this should not 
happen: log(det) > log(previous_det) (-9.060416169759653 > -280.918722102520690). You may want to try with a higher value of support_fraction (current 
value: 0.501).
  warnings.warn(
C:\tools\Python\Python312\Lib\site-packages\sklearn\covariance\_robust_covariance.py:188: RuntimeWarning: Determinant has increased; this should not 
happen: log(det) > log(previous_det) (-9.045306786257598 > -284.191646357054196). You may want to try with a higher value of support_fraction (current 
value: 0.501).
  warnings.warn(
C:\tools\Python\Python312\Lib\site-packages\sklearn\covariance\_robust_covariance.py:188: RuntimeWarning: Determinant has increased; this should not 
happen: log(det) > log(previous_det) (-76.105934051718435 > -181.446188940393483). You may want to try with a higher value of support_fraction (current 
value: 0.501).
  warnings.warn(
C:\tools\Python\Python312\Lib\site-packages\sklearn\covariance\_robust_covariance.py:188: RuntimeWarning: Determinant has increased; this should not 
happen: log(det) > log(previous_det) (-76.353346646236574 > -179.101741218959319). You may want to try with a higher value of support_fraction (current 
value: 0.501).
  warnings.warn(
C:\tools\Python\Python312\Lib\site-packages\sklearn\covariance\_robust_covariance.py:188: RuntimeWarning: Determinant has increased; this should not 
happen: log(det) > log(previous_det) (-75.947042119729545 > -180.857367786881355). You may want to try with a higher value of support_fraction (current 
value: 0.501).
  warnings.warn(
C:\tools\Python\Python312\Lib\site-packages\sklearn\covariance\_robust_covariance.py:188: RuntimeWarning: Determinant has increased; this should not 
happen: log(det) > log(previous_det) (-76.076572237641599 > -180.396513099918593). You may want to try with a higher value of support_fraction (current 
value: 0.501).
  warnings.warn(
C:\tools\Python\Python312\Lib\site-packages\sklearn\covariance\_robust_covariance.py:188: RuntimeWarning: Determinant has increased; this should not 
happen: log(det) > log(previous_det) (-76.067629660858245 > -181.724704602992915). You may want to try with a higher value of support_fraction (current 
value: 0.501).
  warnings.warn(
C:\tools\Python\Python312\Lib\site-packages\sklearn\covariance\_robust_covariance.py:188: RuntimeWarning: Determinant has increased; this should not 
happen: log(det) > log(previous_det) (-75.420556710501984 > -181.516903849712065). You may want to try with a higher value of support_fraction (current 
value: 0.501).
  warnings.warn(
C:\tools\Python\Python312\Lib\site-packages\sklearn\covariance\_robust_covariance.py:188: RuntimeWarning: Determinant has increased; this should not 
happen: log(det) > log(previous_det) (-76.057010334590544 > -179.307194207542409). You may want to try with a higher value of support_fraction (current 
value: 0.501).
  warnings.warn(
C:\tools\Python\Python312\Lib\site-packages\sklearn\covariance\_robust_covariance.py:188: RuntimeWarning: Determinant has increased; this should not 
happen: log(det) > log(previous_det) (-75.836949602107211 > -179.815714835681604). You may want to try with a higher value of support_fraction (current 
value: 0.501).
  warnings.warn(
C:\tools\Python\Python312\Lib\site-packages\sklearn\covariance\_robust_covariance.py:188: RuntimeWarning: Determinant has increased; this should not 
happen: log(det) > log(previous_det) (-75.434869361244409 > -181.563191966086805). You may want to try with a higher value of support_fraction (current 
value: 0.501).
  warnings.warn(
C:\tools\Python\Python312\Lib\site-packages\sklearn\covariance\_robust_covariance.py:188: RuntimeWarning: Determinant has increased; this should not 
happen: log(det) > log(previous_det) (-75.425466733318572 > -180.616435960798782). You may want to try with a higher value of support_fraction (current 
value: 0.501).
  warnings.warn(
C:\tools\Python\Python312\Lib\site-packages\sklearn\covariance\_robust_covariance.py:188: RuntimeWarning: Determinant has increased; this should not 
happen: log(det) > log(previous_det) (-75.701173060189902 > -180.413879288887074). You may want to try with a higher value of support_fraction (current 
value: 0.501).
  warnings.warn(
C:\tools\Python\Python312\Lib\site-packages\sklearn\covariance\_robust_covariance.py:188: RuntimeWarning: Determinant has increased; this should not 
happen: log(det) > log(previous_det) (-9.281229903367544 > -280.189512739898930). You may want to try with a higher value of support_fraction (current 
value: 0.501).
  warnings.warn(
C:\tools\Python\Python312\Lib\site-packages\sklearn\covariance\_robust_covariance.py:188: RuntimeWarning: Determinant has increased; this should not 
happen: log(det) > log(previous_det) (-76.348956887914170 > -180.689251195806662). You may want to try with a higher value of support_fraction (current 
value: 0.501).
  warnings.warn(
C:\tools\Python\Python312\Lib\site-packages\sklearn\covariance\_robust_covariance.py:188: RuntimeWarning: Determinant has increased; this should not 
happen: log(det) > log(previous_det) (-76.226497716993336 > -180.250229041800651). You may want to try with a higher value of support_fraction (current 
value: 0.501).
  warnings.warn(
C:\tools\Python\Python312\Lib\site-packages\sklearn\covariance\_robust_covariance.py:188: RuntimeWarning: Determinant has increased; this should not 
happen: log(det) > log(previous_det) (-76.149594747049008 > -181.502853892631293). You may want to try with a higher value of support_fraction (current 
value: 0.501).
  warnings.warn(
C:\tools\Python\Python312\Lib\site-packages\sklearn\covariance\_robust_covariance.py:188: RuntimeWarning: Determinant has increased; this should not 
happen: log(det) > log(previous_det) (-76.098816637432193 > -182.776674583516069). You may want to try with a higher value of support_fraction (current 
value: 0.501).
  warnings.warn(
C:\tools\Python\Python312\Lib\site-packages\sklearn\covariance\_robust_covariance.py:188: RuntimeWarning: Determinant has increased; this should not 
happen: log(det) > log(previous_det) (-10.115484275668814 > -173.286164683172558). You may want to try with a higher value of support_fraction (current 
value: 0.501).
  warnings.warn(
C:\tools\Python\Python312\Lib\site-packages\sklearn\covariance\_robust_covariance.py:188: RuntimeWarning: Determinant has increased; this should not 
happen: log(det) > log(previous_det) (-10.115484275668813 > -173.288199749152540). You may want to try with a higher value of support_fraction (current 
value: 0.501).
  warnings.warn(
C:\tools\Python\Python312\Lib\site-packages\sklearn\covariance\_robust_covariance.py:188: RuntimeWarning: Determinant has increased; this should not 
happen: log(det) > log(previous_det) (-10.531728333859842 > -173.335258162767389). You may want to try with a higher value of support_fraction (current 
value: 0.501).
  warnings.warn(
C:\tools\Python\Python312\Lib\site-packages\sklearn\covariance\_robust_covariance.py:188: RuntimeWarning: Determinant has increased; this should not 
happen: log(det) > log(previous_det) (-10.149733861481312 > -173.288678377909292). You may want to try with a higher value of support_fraction (current 
value: 0.501).
  warnings.warn(
C:\tools\Python\Python312\Lib\site-packages\sklearn\covariance\_robust_covariance.py:188: RuntimeWarning: Determinant has increased; this should not 
happen: log(det) > log(previous_det) (-10.296047252061305 > -175.042309638786747). You may want to try with a higher value of support_fraction (current 
value: 0.501).
  warnings.warn(
C:\tools\Python\Python312\Lib\site-packages\sklearn\covariance\_robust_covariance.py:188: RuntimeWarning: Determinant has increased; this should not 
happen: log(det) > log(previous_det) (-10.115484275668813 > -173.286164683172558). You may want to try with a higher value of support_fraction (current 
value: 0.501).
  warnings.warn(
C:\tools\Python\Python312\Lib\site-packages\sklearn\covariance\_robust_covariance.py:188: RuntimeWarning: Determinant has increased; this should not 
happen: log(det) > log(previous_det) (-10.655624937109582 > -173.370677065197526). You may want to try with a higher value of support_fraction (current 
value: 0.501).
  warnings.warn(
C:\tools\Python\Python312\Lib\site-packages\sklearn\covariance\_robust_covariance.py:188: RuntimeWarning: Determinant has increased; this should not 
happen: log(det) > log(previous_det) (-10.115484275668814 > -173.286164683172586). You may want to try with a higher value of support_fraction (current 
value: 0.501).
  warnings.warn(
C:\tools\Python\Python312\Lib\site-packages\sklearn\covariance\_robust_covariance.py:188: RuntimeWarning: Determinant has increased; this should not 
happen: log(det) > log(previous_det) (-10.339892851670827 > -173.307177521437779). You may want to try with a higher value of support_fraction (current 
value: 0.501).
  warnings.warn(
C:\tools\Python\Python312\Lib\site-packages\sklearn\covariance\_robust_covariance.py:188: RuntimeWarning: Determinant has increased; this should not 
happen: log(det) > log(previous_det) (-10.299715884735475 > -173.297271831774140). You may want to try with a higher value of support_fraction (current 
value: 0.501).
  warnings.warn(
S6: synthetic validation
S7: feature-set robustness
results saved
n = 5278; corr-matrix condition number 2.65; seed 20260724

== Standard fairness metrics (Table 1) ==
 black  n=3175  base 0.523  P(hi) 0.576  FPR 0.423  FNR 0.285  PPV 0.650  P(recid|low) 0.351
 white  n=2103  base 0.391  P(hi) 0.331  FPR 0.220  FNR 0.496  PPV 0.595  P(recid|low) 0.290
 disparate impact ratio 1.741

== Observed LBI (k-curve) with neighborhood-recomputing bootstrap CIs ==
 k=  1  race 1.045 [1.002, 1.089]   sex 0.962 [0.935, 1.032]
 k=  5  race 1.043 [1.010, 1.074]   sex 1.012 [0.974, 1.043]
 k= 10  race 1.041 [1.017, 1.068]   sex 1.016 [0.987, 1.043]
 k= 20  race 1.049 [1.027, 1.072]   sex 1.021 [0.998, 1.044]
 k= 50  race 1.060 [1.041, 1.079]   sex 1.028 [1.008, 1.048]
 k=100  race 1.069 [1.053, 1.087]   sex 1.041 [1.023, 1.060]

== Distance diagnostics (mean Mahalanobis distance to k nearest) ==
 k=  1  same 0.104 (med 0.000)  cross 0.158 (med 0.000)  ratio 1.519
 k=  5  same 0.194 (med 0.036)  cross 0.262 (med 0.036)  ratio 1.351
 k= 10  same 0.265 (med 0.062)  cross 0.349 (med 0.080)  ratio 1.316
 k= 20  same 0.357 (med 0.120)  cross 0.458 (med 0.143)  ratio 1.281
 k= 50  same 0.523 (med 0.197)  cross 0.639 (med 0.231)  ratio 1.222
 k=100  same 0.684 (med 0.281)  cross 0.801 (med 0.336)  ratio 1.172

== Balance at k=20 (mean |z-diff| focal->neighbour) ==
 age                same 0.136  cross 0.156
 priors_count       same 0.141  cross 0.187
 juv_fel_count      same 0.046  cross 0.082
 juv_misd_count     same 0.067  cross 0.101
 juv_other_count    same 0.046  cross 0.055
 c_charge_F         same 0.027  cross 0.034

common support: 0.9981 in support; LBI k20 in-support 1.048
caliper q90: kept 4656, LBI k20 1.022
caliper q75: kept 3826, LBI k20 1.012
distance-matched: LBI 1.003 [0.995, 1.012] (dist cross 0.458 vs same-matched 0.662)
exact felony match: LBI 1.050 [1.041, 1.060] n=5278

== Score representations at k=20 (raw rates) ==
 decile   LBI 1.049 [1.039, 1.058]  cross-rate 2.3230  same-rate 2.2153
 cat3     LBI 1.065 [1.052, 1.077]  cross-rate 0.6192  same-rate 0.5816
 bin_ge5  LBI 1.092 [1.077, 1.106]  cross-rate 0.3731  same-rate 0.3418
 bin_ge8  LBI 1.026 [1.007, 1.045]  cross-rate 0.2461  same-rate 0.2398

== Race tests (full n, 1000 reps) ==
 plain       null@k20 1.0013 sd 0.0049  p_k20 0.0010  p_global 0.0010
 crt         null@k20 1.0150 sd 0.0068  p_k20 0.0010  p_global 0.0010
 stratified  null@k20 1.0124 sd 0.0066  p_k20 0.0010  p_global 0.0010
== Sex tests ==
 plain       p_k20 0.2408  p_global 0.3856  p_k1 0.8821
 crt         p_k20 0.8322  p_global 0.8951  p_k1 0.9171

== Focal groups (k=20) ==
 black-focal 1.027 [1.015, 1.039]  white-focal 1.087 [1.071, 1.102]  balanced 1.055
gap distribution: mean 0.108 med 0.100 frac>0 0.539  trimmed-LBI 1.009

== Matching methods (k=20) ==
 euclidean_standardized           LBI 1.048 [1.038, 1.057]
 robust_mahalanobis_mincovdet     LBI 1.047 [1.038, 1.056]
 log1p_counts_mahalanobis         LBI 1.048 [1.038, 1.057]
 rank_transform_euclidean         LBI 1.044 [1.035, 1.053]
 gower                            LBI 1.049 [1.040, 1.059]
 CEM within-stratum: LBI 1.009 [1.000, 1.018] (n_valid 3159)
 radius_median_k20_dist: LBI 1.022 [1.009, 1.036] (n 4171)
 radius_half_median: LBI 1.021 [1.001, 1.040] (n 3505)

== Feature sets (k=20) ==
 minimal_age_priors       LBI 1.034 [1.025, 1.042]
 paper6                   LBI 1.049 [1.039, 1.058]
 drop_juvenile            LBI 1.034 [1.025, 1.042]
 paper6_plus_sex          LBI 1.060 [1.050, 1.071]

== Synthetic validation (k=20) ==
 setup: R2 0.420 sigma 2.163
 c1_blind                 LBI 1.009±0.006  rej: perm 0.56 crt 0.04 reg 0.06
 c2_direct_beta0.25       LBI 1.015±0.006  rej: perm 0.88 crt 0.22 reg 1.00
 c2_direct_beta0.5        LBI 1.027±0.007  rej: perm 1.00 crt 0.85 reg 1.00
 c2_direct_beta1.0        LBI 1.071±0.010  rej: perm 1.00 crt 1.00 reg 1.00
 c3_proxy_gamma0.5        LBI 1.052±0.008  rej: perm 1.00 crt 1.00 reg 1.00
 c3_proxy_gamma1.0        LBI 1.153±0.013  rej: perm 1.00 crt 1.00 reg 1.00
 c4_omitted_priors        LBI 1.015±0.006  rej: perm 0.88 crt 0.05 reg 0.02

neighbor reuse: mean 40.0 max 198  tie-frac@k20 0.7935  duplicate feature rows: 3673

DONE
